// Jest Snapshot v1, https://goo.gl/fbAQLP

exports[`renders correctly 1`] = `
<div>
  <ul
    className="traits"
  >
    <li
      className="trait"
      data-test-id="Patience"
    >
      Patience
    </li>
    <li
      onClick={[Function]}
    >
      0
    </li>
    <li
      onClick={[Function]}
    >
      0
    </li>
    <li
      onClick={[Function]}
    >
      0
    </li>
    <li
      onClick={[Function]}
    >
      0
    </li>
    <li
      onClick={[Function]}
    >
      0
    </li>
    <li
      onClick={[Function]}
    >
      0
    </li>
    <li
      onClick={[Function]}
    >
      0
    </li>
  </ul>
  <ul
    className="traits"
  >
    <li
      className="trait"
      data-test-id="Cheerfulness"
    >
      Cheerfulness
    </li>
    <li
      onClick={[Function]}
    >
      0
    </li>
    <li
      onClick={[Function]}
    >
      0
    </li>
    <li
      onClick={[Function]}
    >
      0
    </li>
    <li
      onClick={[Function]}
    >
      0
    </li>
    <li
      onClick={[Function]}
    >
      0
    </li>
    <li
      onClick={[Function]}
    >
      0
    </li>
    <li
      onClick={[Function]}
    >
      0
    </li>
  </ul>
  <ul
    className="traits"
  >
    <li
      className="trait"
      data-test-id="Other"
    >
      Other
    </li>
    <li
      onClick={[Function]}
    >
      0
    </li>
    <li
      onClick={[Function]}
    >
      0
    </li>
    <li
      onClick={[Function]}
    >
      0
    </li>
    <li
      onClick={[Function]}
    >
      0
    </li>
    <li
      onClick={[Function]}
    >
      0
    </li>
    <li
      onClick={[Function]}
    >
      0
    </li>
    <li
      onClick={[Function]}
    >
      0
    </li>
  </ul>
</div>
`;
